---
source: external-crates/move/crates/move-transactional-test-runner/src/framework.rs
---
processed 2 tasks

task 1, lines 8-16:
//# publish
Error: Transaction Effects Status: MySo Move Bytecode Verification Error. Please run the MySo Move Verifier for more information.
Execution Error: ExecutionError: ExecutionError { inner: ExecutionErrorInner { kind: MySoMoveVerificationError, source: Some("Invalid entry point parameter type. Random must be passed by immutable reference. got: myso::random::Random"), command: Some(0) } }
