---
source: crates/move-compiler/tests/move_check_testsuite.rs
info:
  flavor: myso
  edition: 2024.alpha
  lint: false
---
error[MySo E02007]: invalid object declaration
  ┌─ tests/move_2024/myso_mode/enums_no_key.move:3:17
  │
3 │     public enum S has key {
  │                 ^     --- Enums cannot have the 'key' ability.
  │                 │      
  │                 Invalid object 'S'
