---
source: crates/myso-indexer-alt-graphql/src/api/types/available_range.rs
expression: output
---
AccumulatorRootCreateTransaction._
  => {}

ActiveJwk.iss
  => {}

ActiveJwk.kid
  => {}

ActiveJwk.kty
  => {}

ActiveJwk.e
  => {}

ActiveJwk.n
  => {}

ActiveJwk.alg
  => {}

ActiveJwk.epoch
  => {}

Address.id
  => {}

Address.address
  => {}

Address.addressAt
  => {}

Address.asObject
  => {"obj_versions"}

Address.balance
  => {"consistent"}

Address.balances
  => {"consistent"}

Address.dynamicField
  => {"obj_versions"}

Address.dynamicFields
  => {"consistent"}

Address.dynamicObjectField
  => {"obj_versions"}

Address.multiGetDynamicFields
  => {"obj_versions"}

Address.multiGetDynamicObjectFields
  => {"obj_versions"}

Address.multiGetBalances
  => {"consistent"}

Address.objects
  => {"consistent"}

Address.transactions
  => {"cp_sequence_numbers", "tx_affected_addresses", "tx_digests"}

AddressAliasStateCreateTransaction._
  => {}

AddressOwner.address
  => {}

AnonymousVote.proposalId
  => {}

AnonymousVote.voterAddress
  => {}

AnonymousVote.submittedAt
  => {}

AnonymousVote.decryptionStatus
  => {}

AnonymousVote.processingSuccess
  => {}

AnonymousVotingStats.totalAnonymousVotes
  => {}

AnonymousVotingStats.successfullyDecrypted
  => {}

AnonymousVotingStats.failedDecryptions
  => {}

AnonymousVotingStats.anonymousVotesFor
  => {}

AnonymousVotingStats.anonymousVotesAgainst
  => {}

AnonymousVotingStats.pendingDecryption
  => {}

AnonymousVotingTrend.day
  => {}

AnonymousVotingTrend.totalVotes
  => {}

AnonymousVotingTrend.successfulDecryptions
  => {}

AnonymousVotingTrend.failedDecryptions
  => {}

AuthenticatorStateCreateTransaction._
  => {}

AuthenticatorStateExpireTransaction.minEpoch
  => {}

AuthenticatorStateExpireTransaction.authenticatorObjInitialSharedVersion
  => {}

AuthenticatorStateUpdateTransaction.epoch
  => {}

AuthenticatorStateUpdateTransaction.round
  => {}

AuthenticatorStateUpdateTransaction.newActiveJwks
  => {}

AuthenticatorStateUpdateTransaction.authenticatorObjInitialSharedVersion
  => {}

AvailableRange.first
  => {}

AvailableRange.last
  => {}

Balance.coinType
  => {}

Balance.totalBalance
  => {}

Balance.coinBalance
  => {}

Balance.addressBalance
  => {}

BalanceChange.owner
  => {}

BalanceChange.coinType
  => {}

BalanceChange.amount
  => {}

BalanceWithdraw.reservation
  => {}

BalanceWithdraw.type
  => {}

BalanceWithdraw.withdrawFrom
  => {}

BlockedPlatformSummary.platformId
  => {}

BlockedPlatformSummary.blockedByProfile
  => {}

BlockedPlatformSummary.platformName
  => {}

BlockedPlatformSummary.blockedBy
  => {}

BlockedPlatformSummary.createdAt
  => {}

BlockedProfileSummary.address
  => {}

BlockedProfileSummary.username
  => {}

BlockedProfileSummary.displayName
  => {}

BlockedProfileSummary.profilePhoto
  => {}

BlockedProfileSummary.firstBlockedAt
  => {}

BlockedProfileSummary.lastBlockedAt
  => {}

BridgeCommitteeInitTransaction.bridgeObjectVersion
  => {}

BridgeStateCreateTransaction.chainIdentifier
  => {}

ChangeEpochTransaction.epoch
  => {}

ChangeEpochTransaction.protocolConfigs
  => {}

ChangeEpochTransaction.storageCharge
  => {}

ChangeEpochTransaction.computationCharge
  => {}

ChangeEpochTransaction.storageRebate
  => {}

ChangeEpochTransaction.nonRefundableStorageFee
  => {}

ChangeEpochTransaction.epochStartTimestamp
  => {}

ChangeEpochTransaction.systemPackages
  => {}

Checkpoint.id
  => {}

Checkpoint.sequenceNumber
  => {}

Checkpoint.query
  => {}

Checkpoint.artifactsDigest
  => {}

Checkpoint.digest
  => {}

Checkpoint.contentDigest
  => {}

Checkpoint.epoch
  => {}

Checkpoint.networkTotalTransactions
  => {}

Checkpoint.previousCheckpointDigest
  => {}

Checkpoint.rollingGasSummary
  => {}

Checkpoint.summaryBcs
  => {}

Checkpoint.contentBcs
  => {}

Checkpoint.timestamp
  => {}

Checkpoint.validatorSignatures
  => {}

Checkpoint.transactions
  => {"cp_sequence_numbers", "tx_digests"}

Checkpoint.transactions (filter: function)
  => {"cp_sequence_numbers", "tx_calls", "tx_digests"}

Checkpoint.transactions (filter: kind)
  => {"cp_sequence_numbers", "tx_digests", "tx_kinds"}

Checkpoint.transactions (filter: affectedAddress)
  => {"cp_sequence_numbers", "tx_affected_addresses", "tx_digests"}

Checkpoint.transactions (filter: affectedObject)
  => {"cp_sequence_numbers", "tx_affected_objects", "tx_digests"}

Checkpoint.transactions (filter: sentAddress)
  => {"cp_sequence_numbers", "tx_affected_addresses", "tx_digests"}

CoinDenyListStateCreateTransaction._
  => {}

CoinMetadata.address
  => {}

CoinMetadata.addressAt
  => {}

CoinMetadata.version
  => {}

CoinMetadata.digest
  => {}

CoinMetadata.balance
  => {"consistent"}

CoinMetadata.balances
  => {"consistent"}

CoinMetadata.contents
  => {}

CoinMetadata.decimals
  => {}

CoinMetadata.description
  => {}

CoinMetadata.dynamicField
  => {"obj_versions"}

CoinMetadata.dynamicFields
  => {"consistent"}

CoinMetadata.dynamicObjectField
  => {"obj_versions"}

CoinMetadata.hasPublicTransfer
  => {}

CoinMetadata.iconUrl
  => {}

CoinMetadata.multiGetDynamicFields
  => {"obj_versions"}

CoinMetadata.multiGetDynamicObjectFields
  => {"obj_versions"}

CoinMetadata.moveObjectBcs
  => {}

CoinMetadata.multiGetBalances
  => {"consistent"}

CoinMetadata.name
  => {}

CoinMetadata.objectAt
  => {"obj_versions"}

CoinMetadata.objectBcs
  => {}

CoinMetadata.objectVersionsAfter
  => {"obj_versions"}

CoinMetadata.objectVersionsBefore
  => {"obj_versions"}

CoinMetadata.objects
  => {"consistent"}

CoinMetadata.owner
  => {}

CoinMetadata.previousTransaction
  => {}

CoinMetadata.storageRebate
  => {}

CoinMetadata.receivedTransactions
  => {"cp_sequence_numbers", "tx_affected_addresses", "tx_digests"}

CoinMetadata.regulatedState
  => {"consistent"}

CoinMetadata.allowGlobalPause
  => {"consistent"}

CoinMetadata.denyCap
  => {"consistent"}

CoinMetadata.supplyState
  => {"consistent"}

CoinMetadata.supply
  => {"consistent"}

CoinMetadata.symbol
  => {}

CoinRegistryCreateTransaction._
  => {}

CommandOutput.argument
  => {}

CommandOutput.value
  => {}

CommandResult.returnValues
  => {}

CommandResult.mutatedReferences
  => {}

CommentSummary.commentId
  => {}

CommentSummary.postId
  => {}

CommentSummary.parentCommentId
  => {}

CommentSummary.owner
  => {}

CommentSummary.ownerProfile
  => {}

CommentSummary.profileId
  => {}

CommentSummary.content
  => {}

CommentSummary.createdAt
  => {}

CommentSummary.reactionCount
  => {}

CommentSummary.commentCount
  => {}

CommunityVote.proposalId
  => {}

CommunityVote.voterAddress
  => {}

CommunityVote.voteWeight
  => {}

CommunityVote.approve
  => {}

CommunityVote.voteTime
  => {}

CommunityVote.voteCost
  => {}

ConsensusAddressOwner.startVersion
  => {}

ConsensusAddressOwner.address
  => {}

ConsensusCommitPrologueTransaction.epoch
  => {}

ConsensusCommitPrologueTransaction.round
  => {}

ConsensusCommitPrologueTransaction.commitTimestamp
  => {}

ConsensusCommitPrologueTransaction.consensusCommitDigest
  => {}

ConsensusCommitPrologueTransaction.subDagIndex
  => {}

ConsensusCommitPrologueTransaction.additionalStateDigest
  => {}

ConsensusObjectCancelled.address
  => {}

ConsensusObjectCancelled.cancellationReason
  => {}

ConsensusObjectRead.object
  => {}

Delegate.address
  => {}

Delegate.registryType
  => {}

Delegate.upvotes
  => {}

Delegate.downvotes
  => {}

Delegate.proposalsReviewed
  => {}

Delegate.proposalsSubmitted
  => {}

Delegate.termStart
  => {}

Delegate.termEnd
  => {}

Delegate.isActive
  => {}

Delegate.sidedWinningProposals
  => {}

Delegate.sidedLosingProposals
  => {}

Delegate.proposals
  => {}

Delegate.ratings
  => {}

Delegate.viewerIsFollowing
  => {}

Delegate.viewerFollowsViewer
  => {}

Delegate.blockedByViewer
  => {}

Delegate.blockedBySubject
  => {}

DelegateRating.targetAddress
  => {}

DelegateRating.voterAddress
  => {}

DelegateRating.registryType
  => {}

DelegateRating.isActiveDelegate
  => {}

DelegateRating.upvote
  => {}

DelegateRating.ratedAt
  => {}

DelegateVote.proposalId
  => {}

DelegateVote.delegateAddress
  => {}

DelegateVote.approve
  => {}

DelegateVote.voteTime
  => {}

DelegateVote.reason
  => {}

Display.output
  => {}

Display.errors
  => {}

DisplayRegistryCreateTransaction._
  => {}

DynamicField.id
  => {}

DynamicField.address
  => {}

DynamicField.addressAt
  => {}

DynamicField.version
  => {}

DynamicField.digest
  => {}

DynamicField.balance
  => {"consistent"}

DynamicField.balances
  => {"consistent"}

DynamicField.contents
  => {}

DynamicField.dynamicField
  => {"obj_versions"}

DynamicField.dynamicFields
  => {"consistent"}

DynamicField.dynamicObjectField
  => {"obj_versions"}

DynamicField.hasPublicTransfer
  => {}

DynamicField.multiGetDynamicFields
  => {"obj_versions"}

DynamicField.multiGetDynamicObjectFields
  => {"obj_versions"}

DynamicField.moveObjectBcs
  => {}

DynamicField.multiGetBalances
  => {"consistent"}

DynamicField.name
  => {}

DynamicField.objectAt
  => {"obj_versions"}

DynamicField.objectBcs
  => {}

DynamicField.objectVersionsAfter
  => {"obj_versions"}

DynamicField.objectVersionsBefore
  => {"obj_versions"}

DynamicField.objects
  => {"consistent"}

DynamicField.owner
  => {}

DynamicField.previousTransaction
  => {}

DynamicField.storageRebate
  => {}

DynamicField.receivedTransactions
  => {"cp_sequence_numbers", "tx_affected_addresses", "tx_digests"}

DynamicField.value
  => {}

EndOfEpochTransaction.transactions
  => {}

Epoch.id
  => {}

Epoch.epochId
  => {}

Epoch.checkpoints
  => {"cp_sequence_numbers"}

Epoch.coinDenyList
  => {"obj_versions"}

Epoch.endTimestamp
  => {}

Epoch.fundInflow
  => {}

Epoch.fundOutflow
  => {}

Epoch.fundSize
  => {}

Epoch.liveObjectSetDigest
  => {}

Epoch.netInflow
  => {}

Epoch.protocolConfigs
  => {}

Epoch.referenceGasPrice
  => {}

Epoch.startTimestamp
  => {}

Epoch.systemPackages
  => {}

Epoch.systemState
  => {}

Epoch.systemStakeSubsidy
  => {}

Epoch.totalCheckpoints
  => {}

Epoch.totalGasFees
  => {}

Epoch.totalStakeRewards
  => {}

Epoch.totalStakeSubsidies
  => {}

Epoch.totalTransactions
  => {}

Epoch.transactions
  => {"cp_sequence_numbers", "tx_digests"}

Epoch.transactions (filter: function)
  => {"cp_sequence_numbers", "tx_calls", "tx_digests"}

Epoch.transactions (filter: kind)
  => {"cp_sequence_numbers", "tx_digests", "tx_kinds"}

Epoch.transactions (filter: affectedAddress)
  => {"cp_sequence_numbers", "tx_affected_addresses", "tx_digests"}

Epoch.transactions (filter: affectedObject)
  => {"cp_sequence_numbers", "tx_affected_objects", "tx_digests"}

Epoch.transactions (filter: sentAddress)
  => {"cp_sequence_numbers", "tx_affected_addresses", "tx_digests"}

Epoch.validatorSet
  => {}

Event.contents
  => {}

Event.eventBcs
  => {}

Event.sender
  => {}

Event.sequenceNumber
  => {}

Event.timestamp
  => {}

Event.transaction
  => {}

Event.transactionModule
  => {}

ExecutionError.abortCode
  => {}

ExecutionError.sourceLineNumber
  => {}

ExecutionError.instructionOffset
  => {}

ExecutionError.identifier
  => {}

ExecutionError.constant
  => {}

ExecutionError.module
  => {}

ExecutionError.function
  => {}

ExecutionError.message
  => {}

ExecutionResult.effects
  => {}

ExecutionResult.errors
  => {}

FeatureFlag.key
  => {}

FeatureFlag.value
  => {}

GasCoin._
  => {}

GasCostSummary.computationCost
  => {}

GasCostSummary.storageCost
  => {}

GasCostSummary.storageRebate
  => {}

GasCostSummary.nonRefundableStorageFee
  => {}

GasEffects.gasObject
  => {}

GasEffects.gasSummary
  => {}

GasInput.gasSponsor
  => {}

GasInput.gasPrice
  => {}

GasInput.gasBudget
  => {}

GasInput.gasPayment
  => {}

GenesisTransaction.objects
  => {}

GovernanceEvent.id
  => {}

GovernanceEvent.eventType
  => {}

GovernanceEvent.registryType
  => {}

GovernanceEvent.eventData
  => {}

GovernanceEvent.eventId
  => {}

GovernanceEvent.createdAt
  => {}

GovernanceRegistry.registryType
  => {}

GovernanceRegistry.registryId
  => {}

GovernanceRegistry.delegateCount
  => {}

GovernanceRegistry.config
  => {}

GovernanceRegistry.stats
  => {}

GovernanceRegistry.revenue
  => {}

GovernanceRegistry.platform
  => {}

GovernanceRegistryConfig.delegateTermEpochs
  => {}

GovernanceRegistryConfig.proposalSubmissionCost
  => {}

GovernanceRegistryConfig.minOnChainAgeDays
  => {}

GovernanceRegistryConfig.maxVotesPerUser
  => {}

GovernanceRegistryConfig.quadraticBaseCost
  => {}

GovernanceRegistryConfig.votingPeriodMs
  => {}

GovernanceRegistryConfig.quorumVotes
  => {}

GovernanceStats.registryType
  => {}

GovernanceStats.activeDelegates
  => {}

GovernanceStats.pendingNominees
  => {}

GovernanceStats.submittedProposals
  => {}

GovernanceStats.inReviewProposals
  => {}

GovernanceStats.votingProposals
  => {}

GovernanceStats.approvedProposals
  => {}

GovernanceStats.rejectedProposals
  => {}

GovernanceStats.implementedProposals
  => {}

GovernanceStats.rescindedProposals
  => {}

IAddressable.address
  => {}

IAddressable.addressAt
  => {}

IAddressable.balance
  => {"consistent"}

IAddressable.balances
  => {"consistent"}

IAddressable.multiGetBalances
  => {"consistent"}

IAddressable.objects
  => {"consistent"}

IMoveDatatype.module
  => {}

IMoveDatatype.name
  => {}

IMoveDatatype.fullyQualifiedName
  => {}

IMoveDatatype.abilities
  => {"obj_versions"}

IMoveDatatype.typeParameters
  => {"obj_versions"}

IMoveObject.contents
  => {}

IMoveObject.dynamicField
  => {"obj_versions"}

IMoveObject.dynamicObjectField
  => {"obj_versions"}

IMoveObject.hasPublicTransfer
  => {}

IMoveObject.multiGetDynamicFields
  => {"obj_versions"}

IMoveObject.multiGetDynamicObjectFields
  => {"obj_versions"}

IMoveObject.dynamicFields
  => {"consistent"}

IMoveObject.moveObjectBcs
  => {}

IObject.version
  => {}

IObject.digest
  => {}

IObject.objectAt
  => {"obj_versions"}

IObject.objectBcs
  => {}

IObject.objectVersionsAfter
  => {"obj_versions"}

IObject.objectVersionsBefore
  => {"obj_versions"}

IObject.owner
  => {}

IObject.previousTransaction
  => {}

IObject.storageRebate
  => {}

IObject.receivedTransactions
  => {"cp_sequence_numbers", "tx_affected_addresses", "tx_digests"}

Immutable._
  => {}

Input.ix
  => {}

InsuranceConfig.updatedBy
  => {}

InsuranceConfig.enableFlag
  => {}

InsuranceConfig.minCoverageBps
  => {}

InsuranceConfig.maxCoverageBps
  => {}

InsuranceConfig.maxDurationMs
  => {}

InsuranceConfig.feeBps
  => {}

InsuranceConfig.version
  => {}

InsuranceConfig.timestampMs
  => {}

InsuranceConfig.time
  => {}

InsuranceConfig.transactionId
  => {}

InsurancePolicy.policyId
  => {}

InsurancePolicy.marketId
  => {}

InsurancePolicy.insured
  => {}

InsurancePolicy.optionId
  => {}

InsurancePolicy.coveredAmount
  => {}

InsurancePolicy.coverageBps
  => {}

InsurancePolicy.premiumPaid
  => {}

InsurancePolicy.startTimeMs
  => {}

InsurancePolicy.expiryTimeMs
  => {}

InsurancePolicy.vaultId
  => {}

InsurancePolicy.status
  => {}

InsurancePolicy.createdAt
  => {}

InsurancePolicy.updatedAt
  => {}

InsurancePolicy.transactionId
  => {}

InsuranceVault.vaultId
  => {}

InsuranceVault.underwriter
  => {}

InsuranceVault.capitalBalance
  => {}

InsuranceVault.reserved
  => {}

InsuranceVault.baseRateBpsPerDay
  => {}

InsuranceVault.utilizationMultiplierBps
  => {}

InsuranceVault.maxExposurePerMarket
  => {}

InsuranceVault.maxExposurePerUser
  => {}

InsuranceVault.version
  => {}

InsuranceVault.createdAt
  => {}

InsuranceVault.updatedAt
  => {}

InsuranceVault.transactionId
  => {}

InsuranceVault.transactions
  => {}

InsuranceVault.exposures
  => {}

InsuranceVaultExposure.marketId
  => {}

InsuranceVaultExposure.optionId
  => {}

InsuranceVaultExposure.totalExposure
  => {}

InsuranceVaultTransaction.transactionType
  => {}

InsuranceVaultTransaction.amount
  => {}

InsuranceVaultTransaction.balanceAfter
  => {}

InsuranceVaultTransaction.timestampMs
  => {}

Linkage.originalId
  => {}

Linkage.upgradedId
  => {}

Linkage.version
  => {}

MakeMoveVecCommand.type
  => {}

MakeMoveVecCommand.elements
  => {}

MergeCoinsCommand.coin
  => {}

MergeCoinsCommand.coins
  => {}

MoveCallCommand.function
  => {}

MoveCallCommand.arguments
  => {}

MoveDatatype.module
  => {}

MoveDatatype.name
  => {}

MoveDatatype.fullyQualifiedName
  => {}

MoveDatatype.abilities
  => {"obj_versions"}

MoveDatatype.asMoveStruct
  => {"obj_versions"}

MoveDatatype.asMoveEnum
  => {"obj_versions"}

MoveDatatype.typeParameters
  => {"obj_versions"}

MoveDatatypeTypeParameter.constraints
  => {}

MoveDatatypeTypeParameter.isPhantom
  => {}

MoveEnum.module
  => {}

MoveEnum.name
  => {}

MoveEnum.fullyQualifiedName
  => {}

MoveEnum.abilities
  => {"obj_versions"}

MoveEnum.variants
  => {"obj_versions"}

MoveEnum.typeParameters
  => {"obj_versions"}

MoveEnumVariant.name
  => {}

MoveEnumVariant.fields
  => {}

MoveField.name
  => {}

MoveField.type
  => {}

MoveFunction.module
  => {}

MoveFunction.name
  => {}

MoveFunction.fullyQualifiedName
  => {}

MoveFunction.isEntry
  => {}

MoveFunction.parameters
  => {}

MoveFunction.return
  => {}

MoveFunction.typeParameters
  => {}

MoveFunction.visibility
  => {}

MoveFunctionTypeParameter.constraints
  => {}

MoveModule.package
  => {}

MoveModule.name
  => {}

MoveModule.bytes
  => {}

MoveModule.datatype
  => {}

MoveModule.datatypes
  => {}

MoveModule.disassembly
  => {}

MoveModule.enum
  => {}

MoveModule.enums
  => {}

MoveModule.fileFormatVersion
  => {}

MoveModule.friends
  => {}

MoveModule.fullyQualifiedName
  => {}

MoveModule.function
  => {}

MoveModule.functions
  => {}

MoveModule.struct
  => {}

MoveModule.structs
  => {}

MoveObject.id
  => {}

MoveObject.address
  => {}

MoveObject.addressAt
  => {}

MoveObject.version
  => {}

MoveObject.digest
  => {}

MoveObject.asCoinMetadata
  => {}

MoveObject.asDynamicField
  => {}

MoveObject.balance
  => {"consistent"}

MoveObject.balances
  => {"consistent"}

MoveObject.contents
  => {}

MoveObject.dynamicField
  => {"obj_versions"}

MoveObject.dynamicFields
  => {"consistent"}

MoveObject.dynamicObjectField
  => {"obj_versions"}

MoveObject.hasPublicTransfer
  => {}

MoveObject.multiGetDynamicFields
  => {"obj_versions"}

MoveObject.multiGetBalances
  => {"consistent"}

MoveObject.multiGetDynamicObjectFields
  => {"obj_versions"}

MoveObject.moveObjectBcs
  => {}

MoveObject.objectAt
  => {"obj_versions"}

MoveObject.objectBcs
  => {}

MoveObject.objectVersionsAfter
  => {"obj_versions"}

MoveObject.objectVersionsBefore
  => {"obj_versions"}

MoveObject.objects
  => {"consistent"}

MoveObject.owner
  => {}

MoveObject.previousTransaction
  => {}

MoveObject.storageRebate
  => {}

MoveObject.receivedTransactions
  => {"cp_sequence_numbers", "tx_affected_addresses", "tx_digests"}

MovePackage.id
  => {}

MovePackage.address
  => {}

MovePackage.addressAt
  => {}

MovePackage.version
  => {}

MovePackage.digest
  => {}

MovePackage.balance
  => {"consistent"}

MovePackage.balances
  => {"consistent"}

MovePackage.module
  => {}

MovePackage.modules
  => {}

MovePackage.moduleBcs
  => {}

MovePackage.multiGetBalances
  => {"consistent"}

MovePackage.objects
  => {"consistent"}

MovePackage.objectAt
  => {"obj_versions"}

MovePackage.objectBcs
  => {}

MovePackage.objectVersionsAfter
  => {"obj_versions"}

MovePackage.objectVersionsBefore
  => {"obj_versions"}

MovePackage.owner
  => {}

MovePackage.packageAt
  => {}

MovePackage.packageBcs
  => {}

MovePackage.packageVersionsAfter
  => {}

MovePackage.packageVersionsBefore
  => {}

MovePackage.previousTransaction
  => {}

MovePackage.linkage
  => {}

MovePackage.storageRebate
  => {}

MovePackage.receivedTransactions
  => {"cp_sequence_numbers", "tx_affected_addresses", "tx_digests"}

MovePackage.typeOrigins
  => {}

MoveStruct.module
  => {}

MoveStruct.name
  => {}

MoveStruct.fullyQualifiedName
  => {}

MoveStruct.abilities
  => {"obj_versions"}

MoveStruct.fields
  => {"obj_versions"}

MoveStruct.typeParameters
  => {"obj_versions"}

MoveType.repr
  => {}

MoveType.signature
  => {}

MoveType.layout
  => {}

MoveType.abilities
  => {}

MoveValue.asAddress
  => {}

MoveValue.bcs
  => {}

MoveValue.display
  => {}

MoveValue.extract
  => {}

MoveValue.format
  => {}

MoveValue.json
  => {}

MoveValue.type
  => {}

MutateConsensusStreamEnded.address
  => {}

MutateConsensusStreamEnded.sequenceNumber
  => {}

Mutation.executeTransaction
  => {}

MyDataAccessAnalytics.day
  => {}

MyDataAccessAnalytics.accessType
  => {}

MyDataAccessAnalytics.uniqueUsers
  => {}

MyDataAccessAnalytics.totalAccesses
  => {}

MyDataAccessLog.userAddress
  => {}

MyDataAccessLog.userProfile
  => {}

MyDataAccessLog.accessType
  => {}

MyDataAccessLog.accessTime
  => {}

MyDataAccessLog.time
  => {}

MyDataAccessLog.transactionId
  => {}

MyDataConfig.updatedBy
  => {}

MyDataConfig.enableFlag
  => {}

MyDataConfig.maxTags
  => {}

MyDataConfig.maxSubscriptionDays
  => {}

MyDataConfig.maxFreeAccessGrants
  => {}

MyDataConfig.timestampMs
  => {}

MyDataDailyRevenue.day
  => {}

MyDataDailyRevenue.dailyRevenue
  => {}

MyDataDailyRevenue.dailyTransactions
  => {}

MyDataPurchase.mydataId
  => {}

MyDataPurchase.buyer
  => {}

MyDataPurchase.buyerProfile
  => {}

MyDataPurchase.price
  => {}

MyDataPurchase.purchaseType
  => {}

MyDataPurchase.purchaseTime
  => {}

MyDataPurchase.time
  => {}

MyDataPurchase.transactionId
  => {}

MyDataRecord.mydataId
  => {}

MyDataRecord.owner
  => {}

MyDataRecord.ownerProfile
  => {}

MyDataRecord.mediaType
  => {}

MyDataRecord.tags
  => {}

MyDataRecord.oneTimePrice
  => {}

MyDataRecord.subscriptionPrice
  => {}

MyDataRecord.platformId
  => {}

MyDataRecord.timestampStart
  => {}

MyDataRecord.timestampEnd
  => {}

MyDataRecord.createdAt
  => {}

MyDataRecord.lastUpdated
  => {}

MyDataRecord.subscriptionDurationDays
  => {}

MyDataRecord.geographicRegion
  => {}

MyDataRecord.dataQuality
  => {}

MyDataRecord.sampleSize
  => {}

MyDataRecord.isUpdating
  => {}

MyDataRecord.updateFrequency
  => {}

MyDataRecord.purchases
  => {}

MyDataRecord.subscriptions
  => {}

MyDataRecord.revenue
  => {}

MyDataRecord.accessLogs
  => {}

MyDataRecord.stats
  => {}

MyDataRecord.revenueTimeline
  => {}

MyDataRecord.accessAnalytics
  => {}

MyDataRevenue.fromAddress
  => {}

MyDataRevenue.toAddress
  => {}

MyDataRevenue.amount
  => {}

MyDataRevenue.revenueType
  => {}

MyDataRevenue.revenueTime
  => {}

MyDataRevenue.time
  => {}

MyDataRevenue.transactionId
  => {}

MyDataStats.totalRevenue
  => {}

MyDataStats.purchaseCount
  => {}

MyDataStats.subscriptionCount
  => {}

MyDataStats.accessCount
  => {}

MyDataStats.createdAt
  => {}

MyDataStats.lastUpdated
  => {}

MyDataSubscription.subscriber
  => {}

MyDataSubscription.subscriberProfile
  => {}

MyDataSubscription.subscriptionStart
  => {}

MyDataSubscription.subscriptionEnd
  => {}

MyDataSubscription.price
  => {}

MyDataSubscription.time
  => {}

MyDataSubscription.transactionId
  => {}

Node.id
  => {}

NominatedDelegate.address
  => {}

NominatedDelegate.registryType
  => {}

NominatedDelegate.upvotes
  => {}

NominatedDelegate.downvotes
  => {}

NominatedDelegate.scheduledTermStartEpoch
  => {}

NominatedDelegate.nominationTime
  => {}

NominatedDelegate.status
  => {}

NominatedDelegate.submitterProfile
  => {}

NominatedDelegate.viewerIsFollowing
  => {}

NominatedDelegate.viewerFollowsViewer
  => {}

NominatedDelegate.blockedByViewer
  => {}

NominatedDelegate.blockedBySubject
  => {}

Object.id
  => {}

Object.address
  => {}

Object.addressAt
  => {}

Object.version
  => {}

Object.digest
  => {}

Object.asMoveObject
  => {}

Object.asMovePackage
  => {}

Object.balance
  => {"consistent"}

Object.balances
  => {"consistent"}

Object.dynamicField
  => {"obj_versions"}

Object.dynamicFields
  => {"consistent"}

Object.dynamicObjectField
  => {"obj_versions"}

Object.multiGetDynamicFields
  => {"obj_versions"}

Object.multiGetDynamicObjectFields
  => {"obj_versions"}

Object.multiGetBalances
  => {"consistent"}

Object.objectAt
  => {"obj_versions"}

Object.objectBcs
  => {}

Object.objectVersionsAfter
  => {"obj_versions"}

Object.objectVersionsBefore
  => {"obj_versions"}

Object.objects
  => {"consistent"}

Object.owner
  => {}

Object.previousTransaction
  => {}

Object.storageRebate
  => {}

Object.receivedTransactions
  => {"cp_sequence_numbers", "tx_affected_addresses", "tx_digests"}

ObjectChange.address
  => {}

ObjectChange.inputState
  => {}

ObjectChange.outputState
  => {}

ObjectChange.idCreated
  => {}

ObjectChange.idDeleted
  => {}

ObjectOwner.address
  => {}

OpenMoveType.signature
  => {}

OpenMoveType.repr
  => {}

OtherCommand._
  => {}

OwnedOrImmutable.object
  => {}

PageInfo.hasPreviousPage
  => {}

PageInfo.hasNextPage
  => {}

PageInfo.startCursor
  => {}

PageInfo.endCursor
  => {}

PerEpochConfig.object
  => {}

Platform.id
  => {}

Platform.platformId
  => {}

Platform.name
  => {}

Platform.tagline
  => {}

Platform.description
  => {}

Platform.logo
  => {}

Platform.developerAddress
  => {}

Platform.developerProfile
  => {}

Platform.isApproved
  => {}

Platform.primaryCategory
  => {}

Platform.secondaryCategory
  => {}

Platform.termsOfService
  => {}

Platform.privacyPolicy
  => {}

Platform.links
  => {}

Platform.platformNames
  => {}

Platform.statusText
  => {}

Platform.releaseDate
  => {}

Platform.shutdownDate
  => {}

Platform.createdAt
  => {}

Platform.updatedAt
  => {}

Platform.treasury
  => {}

Platform.wantsDaoGovernance
  => {}

Platform.governanceRegistryId
  => {}

Platform.delegateCount
  => {}

Platform.delegateTermEpochs
  => {}

Platform.maxVotesPerUser
  => {}

Platform.minOnChainAgeDays
  => {}

Platform.proposalSubmissionCost
  => {}

Platform.quadraticBaseCost
  => {}

Platform.quorumVotes
  => {}

Platform.votingPeriodEpochs
  => {}

Platform.blockedProfiles
  => {}

Platform.members
  => {}

Platform.moderators
  => {}

Platform.userAccess
  => {}

PlatformBlockedProfileSummary.walletAddress
  => {}

PlatformBlockedProfileSummary.profile
  => {}

PlatformBlockedProfileSummary.blockedBy
  => {}

PlatformBlockedProfileSummary.createdAt
  => {}

PlatformMemberSummary.walletAddress
  => {}

PlatformMemberSummary.profile
  => {}

PlatformMemberSummary.joinedAt
  => {}

PlatformMembershipPage.items
  => {}

PlatformMembershipPage.totalCount
  => {}

PlatformMembershipPage.limit
  => {}

PlatformMembershipPage.offset
  => {}

PlatformMembershipPage.totalPages
  => {}

PlatformMembershipSummary.membershipId
  => {}

PlatformMembershipSummary.platformDbId
  => {}

PlatformMembershipSummary.platformId
  => {}

PlatformMembershipSummary.name
  => {}

PlatformMembershipSummary.tagline
  => {}

PlatformMembershipSummary.description
  => {}

PlatformMembershipSummary.logo
  => {}

PlatformMembershipSummary.developerAddress
  => {}

PlatformMembershipSummary.developerProfile
  => {}

PlatformMembershipSummary.termsOfService
  => {}

PlatformMembershipSummary.privacyPolicy
  => {}

PlatformMembershipSummary.platformNames
  => {}

PlatformMembershipSummary.links
  => {}

PlatformMembershipSummary.status
  => {}

PlatformMembershipSummary.statusText
  => {}

PlatformMembershipSummary.releaseDate
  => {}

PlatformMembershipSummary.shutdownDate
  => {}

PlatformMembershipSummary.createdAt
  => {}

PlatformMembershipSummary.updatedAt
  => {}

PlatformMembershipSummary.isApproved
  => {}

PlatformMembershipSummary.approvalChangedAt
  => {}

PlatformMembershipSummary.approvedBy
  => {}

PlatformMembershipSummary.joinedAt
  => {}

PlatformMembershipSummary.wantsDaoGovernance
  => {}

PlatformMembershipSummary.governanceRegistryId
  => {}

PlatformMembershipSummary.delegateCount
  => {}

PlatformMembershipSummary.delegateTermEpochs
  => {}

PlatformMembershipSummary.maxVotesPerUser
  => {}

PlatformMembershipSummary.minOnChainAgeDays
  => {}

PlatformMembershipSummary.proposalSubmissionCost
  => {}

PlatformMembershipSummary.quadraticBaseCost
  => {}

PlatformMembershipSummary.quorumVotes
  => {}

PlatformMembershipSummary.votingPeriodEpochs
  => {}

PlatformMembershipSummary.treasury
  => {}

PlatformMembershipSummary.treasuryAddress
  => {}

PlatformMembershipSummary.version
  => {}

PlatformMembershipSummary.primaryCategory
  => {}

PlatformMembershipSummary.secondaryCategory
  => {}

PlatformMembershipSummary.deletedAt
  => {}

PlatformMembershipSummary.moderatorCount
  => {}

PlatformMembershipSummary.blockedProfilesCount
  => {}

PlatformModeratorSummary.moderatorAddress
  => {}

PlatformModeratorSummary.moderatorProfile
  => {}

PlatformModeratorSummary.addedBy
  => {}

PlatformModeratorSummary.addedByProfile
  => {}

PlatformModeratorSummary.createdAt
  => {}

PlatformRevenueSummary.platformAddress
  => {}

PlatformRevenueSummary.totalRevenue
  => {}

PlatformRevenueSummary.totalSubscriptionRevenue
  => {}

PlatformRevenueSummary.totalMydataRevenue
  => {}

PlatformRevenueSummary.totalSptRevenue
  => {}

PlatformRevenueSummary.totalTransactions
  => {}

PlatformRevenueSummary.totalCreators
  => {}

PlatformRevenueSummary.totalPayers
  => {}

PlatformRevenueSummary.avgTransactionAmount
  => {}

PlatformRevenueSummary.activeMonths
  => {}

PlatformRevenueSummary.lastActiveMonth
  => {}

PlatformUserAccess.isMember
  => {}

PlatformUserAccess.isBlocked
  => {}

PlatformUserAccess.isModerator
  => {}

PocAnalysisResult.postId
  => {}

PocAnalysisResult.similarityDetected
  => {}

PocAnalysisResult.highestSimilarityScore
  => {}

PocAnalysisResult.mediaType
  => {}

PocAnalysisResult.oracleAddress
  => {}

PocAnalysisResult.originalCreator
  => {}

PocAnalysisResult.analysisTimestamp
  => {}

PocBadge.badgeId
  => {}

PocBadge.postId
  => {}

PocBadge.mediaType
  => {}

PocBadge.issuedBy
  => {}

PocBadge.issuedAt
  => {}

PocBadge.revoked
  => {}

PocConfig.imageThreshold
  => {}

PocConfig.videoThreshold
  => {}

PocConfig.audioThreshold
  => {}

PocConfig.revenueRedirectPercentage
  => {}

PocConfig.disputeCost
  => {}

PocConfig.oracleAddress
  => {}

PocConfig.updatedAt
  => {}

PocDispute.disputeId
  => {}

PocDispute.postId
  => {}

PocDispute.disputer
  => {}

PocDispute.disputerProfile
  => {}

PocDispute.disputeType
  => {}

PocDispute.evidence
  => {}

PocDispute.status
  => {}

PocDispute.stakeAmount
  => {}

PocDispute.submittedAt
  => {}

PocDispute.resolvedAt
  => {}

PocRevenueRedirection.redirectionId
  => {}

PocRevenueRedirection.accusedPostId
  => {}

PocRevenueRedirection.originalPostId
  => {}

PocRevenueRedirection.redirectPercentage
  => {}

PocRevenueRedirection.similarityScore
  => {}

PocRevenueRedirection.createdAt
  => {}

Post.id
  => {}

Post.postId
  => {}

Post.owner
  => {}

Post.profileId
  => {}

Post.ownerProfile
  => {}

Post.content
  => {}

Post.postType
  => {}

Post.createdAt
  => {}

Post.reactionCount
  => {}

Post.commentCount
  => {}

Post.repostCount
  => {}

Post.tipsReceived
  => {}

Post.mediaUrls
  => {}

Post.mentions
  => {}

Post.parentPostId
  => {}

Post.updatedAt
  => {}

Post.pocId
  => {}

Post.revenueRedirectTo
  => {}

Post.revenueRedirectPercentage
  => {}

Post.enablePoc
  => {}

Post.pocReasoning
  => {}

Post.pocEvidenceUrls
  => {}

Post.pocSimilarityScore
  => {}

Post.pocMediaType
  => {}

Post.pocOracleAddress
  => {}

Post.pocAnalyzedAt
  => {}

Post.enableSpot
  => {}

Post.spotId
  => {}

Post.comments
  => {}

Post.reactions
  => {}

Post.reposts
  => {}

Post.tips
  => {}

Post.transfers
  => {}

Post.spotBets
  => {}

Post.spotRecord
  => {}

Post.spotPayouts
  => {}

Post.spotRefunds
  => {}

Post.spotResolution
  => {}

Post.spotBetWithdrawals
  => {}

Post.promotion
  => {}

Post.pocBadges
  => {}

Post.revenueRedirections
  => {}

Post.pocAnalysis
  => {}

Post.pocDisputes
  => {}

PostConfig.updatedBy
  => {}

PostConfig.maxContentLength
  => {}

PostConfig.maxMediaUrls
  => {}

PostConfig.maxMentions
  => {}

PostConfig.maxMetadataSize
  => {}

PostConfig.maxDescriptionLength
  => {}

PostConfig.maxReactionLength
  => {}

PostConfig.commenterTipPercentage
  => {}

PostConfig.repostTipPercentage
  => {}

PostConfig.version
  => {}

PostConfig.updatedAt
  => {}

PostTransferSummary.previousOwner
  => {}

PostTransferSummary.newOwner
  => {}

PostTransferSummary.newOwnerProfile
  => {}

PostTransferSummary.previousOwnerProfile
  => {}

PostTransferSummary.transferredAt
  => {}

PostTransferSummary.transactionId
  => {}

Profile.id
  => {}

Profile.address
  => {}

Profile.username
  => {}

Profile.displayName
  => {}

Profile.bio
  => {}

Profile.profilePhoto
  => {}

Profile.coverPhoto
  => {}

Profile.website
  => {}

Profile.createdAt
  => {}

Profile.updatedAt
  => {}

Profile.profileId
  => {}

Profile.followersCount
  => {}

Profile.followingCount
  => {}

Profile.postCount
  => {}

Profile.minOfferAmount
  => {}

Profile.birthdate
  => {}

Profile.currentLocation
  => {}

Profile.raisedLocation
  => {}

Profile.phone
  => {}

Profile.email
  => {}

Profile.gender
  => {}

Profile.politicalView
  => {}

Profile.religion
  => {}

Profile.education
  => {}

Profile.primaryLanguage
  => {}

Profile.relationshipStatus
  => {}

Profile.xUsername
  => {}

Profile.mastodonUsername
  => {}

Profile.blockListAddress
  => {}

Profile.socialProofTokenAddress
  => {}

Profile.reservationPoolAddress
  => {}

Profile.socialProofToken
  => {}

Profile.selectedBadge
  => {}

Profile.selectedBadgeId
  => {}

Profile.selectedEcosystemBadgeId
  => {}

Profile.badges
  => {}

Profile.followers
  => {}

Profile.following
  => {}

Profile.blockedProfiles
  => {}

Profile.blockedPlatforms
  => {}

Profile.platformMemberships
  => {}

Profile.platformMembershipsPage
  => {}

Profile.platformMembershipsTotal
  => {}

Profile.vestingWallets
  => {}

Profile.sptHoldings
  => {}

Profile.reservationHoldings
  => {}

Profile.posts
  => {}

Profile.mydataRecords
  => {}

Profile.pnl
  => {}

ProfileBadge.badgeId
  => {}

ProfileBadge.badgeName
  => {}

ProfileBadge.badgeDescription
  => {}

ProfileBadge.badgeMediaUrl
  => {}

ProfileBadge.badgeIconUrl
  => {}

ProfileBadge.platformId
  => {}

ProfileBadge.assignedBy
  => {}

ProfileBadge.assignedByProfile
  => {}

ProfileBadge.assignedAt
  => {}

ProfileBadge.badgeType
  => {}

ProfilePnLWindowStats.window
  => {}

ProfilePnLWindowStats.swapNetMyso
  => {}

ProfilePnLWindowStats.reservationNetMyso
  => {}

ProfilePnLWindowStats.sptCreatorFeesMyso
  => {}

ProfilePnLWindowStats.tipsMyso
  => {}

ProfilePnLWindowStats.subscriptionsMyso
  => {}

ProfilePnLWindowStats.mydataMyso
  => {}

ProfilePnLWindowStats.postsMonetizationMyso
  => {}

ProfilePnLWindowStats.otherInboundMyso
  => {}

ProfilePnLWindowStats.grossInboundMyso
  => {}

ProfilePnLWindowStats.netCashFlowMyso
  => {}

ProfileSummary.address
  => {}

ProfileSummary.username
  => {}

ProfileSummary.displayName
  => {}

ProfileSummary.profilePhoto
  => {}

ProfileSummary.bio
  => {}

ProfileSummary.selectedBadgeId
  => {}

ProfileSummary.socialProofTokenAddress
  => {}

ProfileSummary.reservationPoolAddress
  => {}

ProfileSummary.followersCount
  => {}

ProfileSummary.followingCount
  => {}

ProfileSummary.postCount
  => {}

ProfileSummary.blockedCount
  => {}

ProfileSummary.isFollowing
  => {}

ProfileSummary.followsViewer
  => {}

ProfileSummary.blockedByViewer
  => {}

ProfileSummary.blockedBySubject
  => {}

ProfileSummary.selectedBadge
  => {}

ProfileSummary.reservationPercentage
  => {}

ProfileSummary.socialProofToken
  => {}

ProgrammableSystemTransaction.inputs
  => {}

ProgrammableSystemTransaction.commands
  => {}

ProgrammableTransaction.inputs
  => {}

ProgrammableTransaction.commands
  => {}

Promotion.promotionId
  => {}

Promotion.postId
  => {}

Promotion.owner
  => {}

Promotion.profileId
  => {}

Promotion.paymentPerView
  => {}

Promotion.budget
  => {}

Promotion.remainingBudget
  => {}

Promotion.status
  => {}

Promotion.views
  => {}

Promotion.createdAt
  => {}

Promotion.viewsDetail
  => {}

Promotion.stats
  => {}

Promotion.timeSeries
  => {}

Promotion.hourly
  => {}

PromotionHourly.hour
  => {}

PromotionHourly.views
  => {}

PromotionHourly.spent
  => {}

PromotionStats.totalViews
  => {}

PromotionStats.totalSpent
  => {}

PromotionStats.remainingBudget
  => {}

PromotionTimeSeries.day
  => {}

PromotionTimeSeries.views
  => {}

PromotionTimeSeries.spent
  => {}

PromotionView.postId
  => {}

PromotionView.promotionId
  => {}

PromotionView.viewer
  => {}

PromotionView.viewerProfile
  => {}

PromotionView.paymentAmount
  => {}

PromotionView.viewDuration
  => {}

PromotionView.platformId
  => {}

PromotionView.timestamp
  => {}

Proposal.proposalId
  => {}

Proposal.registryType
  => {}

Proposal.status
  => {}

Proposal.votes
  => {}

Proposal.title
  => {}

Proposal.description
  => {}

Proposal.submitter
  => {}

Proposal.submitterProfile
  => {}

Proposal.submissionTime
  => {}

Proposal.votingStartTime
  => {}

Proposal.votingEndTime
  => {}

Proposal.rewardPool
  => {}

Proposal.referenceId
  => {}

Proposal.implementedDescription
  => {}

Proposal.implementationTime
  => {}

Proposal.rescindTime
  => {}

Proposal.rejectionTime
  => {}

Proposal.anonymousVotersCount
  => {}

Proposal.metadataJson
  => {}

Proposal.delegateVotes
  => {}

Proposal.communityVotesCount
  => {}

Proposal.communityVotes
  => {}

Proposal.rewardDistributions
  => {}

Proposal.anonymousStats
  => {}

Proposal.anonymousVotes
  => {}

Proposal.decryptionFailures
  => {}

ProposalVotes.delegateFor
  => {}

ProposalVotes.delegateAgainst
  => {}

ProposalVotes.communityFor
  => {}

ProposalVotes.communityAgainst
  => {}

ProtocolConfig.key
  => {}

ProtocolConfig.value
  => {}

ProtocolConfigs.protocolVersion
  => {}

ProtocolConfigs.config
  => {}

ProtocolConfigs.configs
  => {}

ProtocolConfigs.featureFlag
  => {}

ProtocolConfigs.featureFlags
  => {}

PublishCommand.modules
  => {}

PublishCommand.dependencies
  => {}

Pure.bytes
  => {}

Query.node
  => {}

Query.profile
  => {}

Query.profiles
  => {}

Query.post
  => {}

Query.posts
  => {}

Query.comment
  => {}

Query.reactions
  => {}

Query.reposts
  => {}

Query.tips
  => {}

Query.promotion
  => {}

Query.promotedPosts
  => {}

Query.topPerformingPromotions
  => {}

Query.promotionSpendingTrends
  => {}

Query.platform
  => {}

Query.platforms
  => {}

Query.vestingWallet
  => {}

Query.vestingWallets
  => {}

Query.vestingLeaderboard
  => {}

Query.sptHoldings
  => {}

Query.sptPool
  => {}

Query.sptPools
  => {}

Query.sptReservationHolders
  => {}

Query.sptFormerReservationHolders
  => {}

Query.sptPriceHistory
  => {}

Query.sptReservationVolumeHistory
  => {}

Query.spotBets
  => {}

Query.spotRecord
  => {}

Query.spotPayouts
  => {}

Query.spotRefunds
  => {}

Query.spotResolution
  => {}

Query.spotBetWithdrawals
  => {}

Query.mydataRecord
  => {}

Query.mydataRecords
  => {}

Query.mydataPurchases
  => {}

Query.listMydata
  => {}

Query.popularMydata
  => {}

Query.proposals
  => {}

Query.proposal
  => {}

Query.delegates
  => {}

Query.delegate
  => {}

Query.nominatedDelegates
  => {}

Query.governanceRegistries
  => {}

Query.governanceEvents
  => {}

Query.anonymousVotingTrends
  => {}

Query.governanceRegistry
  => {}

Query.insurancePolicy
  => {}

Query.insurancePolicies
  => {}

Query.insuranceVault
  => {}

Query.insuranceVaults
  => {}

Query.sptConfiguration
  => {}

Query.postConfiguration
  => {}

Query.pocConfiguration
  => {}

Query.spotConfiguration
  => {}

Query.mydataConfiguration
  => {}

Query.insuranceConfiguration
  => {}

Query.socialGraphFollowing
  => {}

Query.checkProfileBlocked
  => {}

Query.checkPlatformBlocked
  => {}

Query.platformUserAccess
  => {}

Query.address
  => {}

Query.chainIdentifier
  => {}

Query.checkpoint
  => {}

Query.checkpoints
  => {"cp_sequence_numbers"}

Query.coinMetadata
  => {"consistent", "obj_versions"}

Query.epoch
  => {}

Query.epochs
  => {}

Query.events
  => {"ev_struct_inst", "tx_digests"}

Query.events (filter: module)
  => {"ev_emit_mod", "tx_digests"}

Query.multiGetAddresses
  => {}

Query.multiGetCheckpoints
  => {}

Query.multiGetEpochs
  => {}

Query.multiGetObjects
  => {}

Query.multiGetPackages
  => {}

Query.multiGetTransactions
  => {}

Query.multiGetTransactionEffects
  => {}

Query.multiGetTypes
  => {}

Query.object
  => {"obj_versions"}

Query.object (filter: version)
  => {}

Query.objects
  => {"consistent"}

Query.objectVersions
  => {"obj_versions"}

Query.package
  => {}

Query.packages
  => {}

Query.packageVersions
  => {}

Query.protocolConfigs
  => {}

Query.serviceConfig
  => {}

Query.transaction
  => {}

Query.transactionEffects
  => {}

Query.transactions
  => {"cp_sequence_numbers", "tx_digests"}

Query.transactions (filter: function)
  => {"cp_sequence_numbers", "tx_calls", "tx_digests"}

Query.transactions (filter: kind)
  => {"cp_sequence_numbers", "tx_digests", "tx_kinds"}

Query.transactions (filter: affectedAddress)
  => {"cp_sequence_numbers", "tx_affected_addresses", "tx_digests"}

Query.transactions (filter: affectedObject)
  => {"cp_sequence_numbers", "tx_affected_objects", "tx_digests"}

Query.transactions (filter: sentAddress)
  => {"cp_sequence_numbers", "tx_affected_addresses", "tx_digests"}

Query.type
  => {}

Query.simulateTransaction
  => {}

Query.verifyZkLoginSignature
  => {}

Query.__schema
  => {}

Query.__type
  => {}

RandomnessStateCreateTransaction._
  => {}

RandomnessStateUpdateTransaction.epoch
  => {}

RandomnessStateUpdateTransaction.randomnessRound
  => {}

RandomnessStateUpdateTransaction.randomBytes
  => {}

RandomnessStateUpdateTransaction.randomnessObjInitialSharedVersion
  => {}

ReactionSummary.userAddress
  => {}

ReactionSummary.userProfile
  => {}

ReactionSummary.reactionText
  => {}

ReactionSummary.createdAt
  => {}

ReadConsensusStreamEnded.address
  => {}

ReadConsensusStreamEnded.sequenceNumber
  => {}

Receiving.object
  => {}

RepostSummary.repostId
  => {}

RepostSummary.originalPostId
  => {}

RepostSummary.owner
  => {}

RepostSummary.ownerProfile
  => {}

RepostSummary.profileId
  => {}

RepostSummary.createdAt
  => {}

RewardDistribution.proposalId
  => {}

RewardDistribution.recipientAddress
  => {}

RewardDistribution.amount
  => {}

RewardDistribution.distributionTime
  => {}

RewardDistribution.distributionType
  => {}

SelectedBadge.badgeId
  => {}

SelectedBadge.badgeName
  => {}

SelectedBadge.badgeIconUrl
  => {}

SelectedBadge.badgeMediaUrl
  => {}

SelectedBadge.platformId
  => {}

SelectedBadge.badgeType
  => {}

ServiceConfig.mutationTimeoutMs
  => {}

ServiceConfig.queryTimeoutMs
  => {}

ServiceConfig.maxQueryDepth
  => {}

ServiceConfig.maxQueryNodes
  => {}

ServiceConfig.maxOutputNodes
  => {}

ServiceConfig.maxTransactionPayloadSize
  => {}

ServiceConfig.maxQueryPayloadSize
  => {}

ServiceConfig.defaultPageSize
  => {}

ServiceConfig.maxPageSize
  => {}

ServiceConfig.maxMultiGetSize
  => {}

ServiceConfig.maxTypeArgumentDepth
  => {}

ServiceConfig.maxTypeArgumentWidth
  => {}

ServiceConfig.maxTypeNodes
  => {}

ServiceConfig.maxMoveValueDepth
  => {}

ServiceConfig.maxMoveValueBound
  => {}

ServiceConfig.maxDisplayFieldDepth
  => {}

ServiceConfig.maxDisplayFormatNodes
  => {}

ServiceConfig.maxDisplayObjectLoads
  => {}

ServiceConfig.maxDisplayOutputSize
  => {}

ServiceConfig.maxDisassembledModuleSize
  => {}

ServiceConfig.maxRichQueries
  => {}

ServiceConfig.availableRange
  => {}

Shared.initialSharedVersion
  => {}

SharedInput.address
  => {}

SharedInput.initialSharedVersion
  => {}

SharedInput.mutable
  => {}

SimulationResult.effects
  => {}

SimulationResult.outputs
  => {}

SimulationResult.error
  => {}

SocialProofToken.poolId
  => {}

SocialProofToken.tokenAddress
  => {}

SocialProofToken.isActive
  => {}

SocialProofToken.reservationPoolId
  => {}

SocialProofToken.reservationPercentage
  => {}

SocialProofToken.reservationStatus
  => {}

SocialProofToken.totalReserved
  => {}

SocialProofToken.requiredThreshold
  => {}

SocialProofToken.symbol
  => {}

SocialProofToken.name
  => {}

SocialProofToken.circulatingSupply
  => {}

SocialProofToken.basePrice
  => {}

SocialProofToken.currentPrice
  => {}

SocialProofToken.marketCap
  => {}

SocialProofToken.priceChange24H
  => {}

SocialProofToken.volume24H
  => {}

SocialProofToken.creatorEarnings
  => {}

SocialProofToken.platformEarnings
  => {}

SocialProofToken.ecosystemEarnings
  => {}

SocialProofToken.owner
  => {}

SocialProofToken.createdAt
  => {}

SocialProofToken.tokenType
  => {}

SocialProofToken.reservationHolders
  => {}

SocialProofToken.formerReservationHolders
  => {}

SplitCoinsCommand.coin
  => {}

SplitCoinsCommand.amounts
  => {}

SpotBet.betId
  => {}

SpotBet.postId
  => {}

SpotBet.better
  => {}

SpotBet.profile
  => {}

SpotBet.amount
  => {}

SpotBet.outcome
  => {}

SpotBet.optionLabel
  => {}

SpotBet.placedAt
  => {}

SpotBet.escrowAmount
  => {}

SpotBet.ammAmount
  => {}

SpotBet.transactionId
  => {}

SpotBetWithdrawal.withdrawer
  => {}

SpotBetWithdrawal.withdrawerProfile
  => {}

SpotBetWithdrawal.optionId
  => {}

SpotBetWithdrawal.amount
  => {}

SpotBetWithdrawal.feeTaken
  => {}

SpotBetWithdrawal.withdrawnAt
  => {}

SpotBetWithdrawal.transactionId
  => {}

SpotConfig.updatedBy
  => {}

SpotConfig.enableFlag
  => {}

SpotConfig.confidenceThresholdBps
  => {}

SpotConfig.resolutionWindowEpochs
  => {}

SpotConfig.maxResolutionWindowEpochs
  => {}

SpotConfig.payoutDelayMs
  => {}

SpotConfig.feeBps
  => {}

SpotConfig.feeSplitBpsPlatform
  => {}

SpotConfig.oracleAddress
  => {}

SpotConfig.maxSingleBet
  => {}

SpotConfig.version
  => {}

SpotConfig.timestampMs
  => {}

SpotConfig.time
  => {}

SpotConfig.transactionId
  => {}

SpotOptionEscrow.optionId
  => {}

SpotOptionEscrow.amount
  => {}

SpotPayout.recipient
  => {}

SpotPayout.recipientProfile
  => {}

SpotPayout.amount
  => {}

SpotPayout.paidAt
  => {}

SpotPayout.transactionId
  => {}

SpotRecord.recordId
  => {}

SpotRecord.postId
  => {}

SpotRecord.resolution
  => {}

SpotRecord.status
  => {}

SpotRecord.bettingOptions
  => {}

SpotRecord.optionEscrow
  => {}

SpotRecord.createdEpoch
  => {}

SpotRecord.resolutionWindowEpochs
  => {}

SpotRecord.maxResolutionWindowEpochs
  => {}

SpotRecord.lastResolutionEpoch
  => {}

SpotRecord.totalEscrow
  => {}

SpotRecord.transactionId
  => {}

SpotRefund.recipient
  => {}

SpotRefund.recipientProfile
  => {}

SpotRefund.amount
  => {}

SpotRefund.refundedAt
  => {}

SpotRefund.transactionId
  => {}

SpotResolution.outcome
  => {}

SpotResolution.totalEscrow
  => {}

SpotResolution.feeTaken
  => {}

SpotResolution.resolvedEpoch
  => {}

SpotResolution.transactionId
  => {}

SpotResolution.reasoning
  => {}

SpotResolution.evidenceUrls
  => {}

SptExchangeConfig.updatedBy
  => {}

SptExchangeConfig.postThreshold
  => {}

SptExchangeConfig.profileThreshold
  => {}

SptExchangeConfig.maxIndividualReservationBps
  => {}

SptExchangeConfig.maxIndividualReservationAmountPost
  => {}

SptExchangeConfig.maxIndividualReservationAmountProfile
  => {}

SptExchangeConfig.totalFeeBps
  => {}

SptExchangeConfig.creatorFeeBps
  => {}

SptExchangeConfig.platformFeeBps
  => {}

SptExchangeConfig.treasuryFeeBps
  => {}

SptExchangeConfig.tradingCreatorFeeBps
  => {}

SptExchangeConfig.tradingPlatformFeeBps
  => {}

SptExchangeConfig.tradingTreasuryFeeBps
  => {}

SptExchangeConfig.reservationCreatorFeeBps
  => {}

SptExchangeConfig.reservationPlatformFeeBps
  => {}

SptExchangeConfig.reservationTreasuryFeeBps
  => {}

SptExchangeConfig.maxReserversPerPool
  => {}

SptExchangeConfig.basePrice
  => {}

SptExchangeConfig.quadraticCoefficient
  => {}

SptExchangeConfig.maxHoldPercentBps
  => {}

SptExchangeConfig.tradingEnabled
  => {}

SptExchangeConfig.updatedAt
  => {}

SptExchangeConfig.transactionId
  => {}

SptHolding.address
  => {}

SptHolding.amount
  => {}

SptHolding.profile
  => {}

SptHolding.viewerIsFollowing
  => {}

SptHolding.viewerFollowsViewer
  => {}

SptHolding.blockedByViewer
  => {}

SptHolding.blockedBySubject
  => {}

SptPool.poolId
  => {}

SptPool.totalSupply
  => {}

SptPool.price
  => {}

SptPool.symbol
  => {}

SptPool.name
  => {}

SptPool.owner
  => {}

SptPool.ownerProfile
  => {}

SptPool.tokenType
  => {}

SptPool.marketCap
  => {}

SptPool.priceChange24H
  => {}

SptPool.volume24H
  => {}

SptPool.creatorEarnings
  => {}

SptPool.platformEarnings
  => {}

SptPool.ecosystemEarnings
  => {}

SptPool.transactions
  => {}

SptPool.priceHistory
  => {}

SptPool.holders
  => {}

SptPool.reservationHolders
  => {}

SptPool.formerReservationHolders
  => {}

SptPriceHistory.poolId
  => {}

SptPriceHistory.price
  => {}

SptPriceHistory.circulatingSupply
  => {}

SptPriceHistory.timestamp
  => {}

SptPriceHistory.transactionId
  => {}

SptReservationHolding.reserver
  => {}

SptReservationHolding.reserverProfile
  => {}

SptReservationHolding.poolId
  => {}

SptReservationHolding.amount
  => {}

SptReservationHolding.reservedAt
  => {}

SptReservationHolding.profile
  => {}

SptReservationHolding.viewerIsFollowing
  => {}

SptReservationHolding.viewerFollowsViewer
  => {}

SptReservationHolding.blockedByViewer
  => {}

SptReservationHolding.blockedBySubject
  => {}

SptReservationHolding.thresholdMet
  => {}

SptReservationHolding.poolStatus
  => {}

SptReservationHolding.totalReserved
  => {}

SptReservationHolding.requiredThreshold
  => {}

SptReservationVolumeBucket.bucketStart
  => {}

SptReservationVolumeBucket.depositVolume
  => {}

SptReservationVolumeBucket.withdrawalVolume
  => {}

SptReservationVolumeBucket.depositCount
  => {}

SptReservationVolumeBucket.withdrawalCount
  => {}

SptTransaction.type
  => {}

SptTransaction.amount
  => {}

SptTransaction.from
  => {}

SptTransaction.to
  => {}

SptTransaction.timestamp
  => {}

SptTransaction.viewerIsFollowing
  => {}

SptTransaction.viewerFollowsViewer
  => {}

SptTransaction.blockedByViewer
  => {}

SptTransaction.blockedBySubject
  => {}

StakeSubsidy.balance
  => {}

StakeSubsidy.distributionCounter
  => {}

StakeSubsidy.currentApyBps
  => {}

StakeSubsidy.periodLength
  => {}

StakeSubsidy.decreaseRate
  => {}

StakeSubsidy.maxApyBps
  => {}

StakeSubsidy.minApyBps
  => {}

StakeSubsidy.intendedDurationYears
  => {}

StakeSubsidy.apy
  => {}

StoreExecutionTimeObservationsTransaction._
  => {}

TipSummary.tipper
  => {}

TipSummary.recipient
  => {}

TipSummary.recipientProfile
  => {}

TipSummary.tipperProfile
  => {}

TipSummary.amount
  => {}

TipSummary.createdAt
  => {}

Transaction.id
  => {}

Transaction.digest
  => {}

Transaction.effects
  => {}

Transaction.kind
  => {}

Transaction.expiration
  => {}

Transaction.gasInput
  => {}

Transaction.sender
  => {}

Transaction.transactionBcs
  => {}

Transaction.transactionJson
  => {}

Transaction.signatures
  => {}

TransactionEffects.digest
  => {}

TransactionEffects.transaction
  => {}

TransactionEffects.checkpoint
  => {}

TransactionEffects.status
  => {}

TransactionEffects.lamportVersion
  => {}

TransactionEffects.executionError
  => {}

TransactionEffects.timestamp
  => {}

TransactionEffects.epoch
  => {}

TransactionEffects.events
  => {}

TransactionEffects.balanceChanges
  => {"tx_balance_changes", "tx_digests"}

TransactionEffects.balanceChangesJson
  => {"tx_balance_changes", "tx_digests"}

TransactionEffects.effectsBcs
  => {}

TransactionEffects.effectsJson
  => {}

TransactionEffects.effectsDigest
  => {}

TransactionEffects.objectChanges
  => {}

TransactionEffects.gasEffects
  => {}

TransactionEffects.unchangedConsensusObjects
  => {}

TransactionEffects.dependencies
  => {}

TransferObjectsCommand.inputs
  => {}

TransferObjectsCommand.address
  => {}

TxResult.cmd
  => {}

TxResult.ix
  => {}

TypeOrigin.module
  => {}

TypeOrigin.struct
  => {}

TypeOrigin.definingId
  => {}

UpgradeCommand.modules
  => {}

UpgradeCommand.dependencies
  => {}

UpgradeCommand.currentPackage
  => {}

UpgradeCommand.upgradeTicket
  => {}

UserSignature.signatureBytes
  => {}

Validator.apy
  => {}

Validator.atRisk
  => {}

Validator.contents
  => {}

Validator.reportRecords
  => {}

ValidatorAggregatedSignature.epoch
  => {}

ValidatorAggregatedSignature.signature
  => {}

ValidatorAggregatedSignature.signersMap
  => {}

ValidatorSet.activeValidators
  => {}

ValidatorSet.contents
  => {}

VestingLeaderboardEntry.ownerAddress
  => {}

VestingLeaderboardEntry.totalVested
  => {}

VestingLeaderboardEntry.totalClaimed
  => {}

VestingLeaderboardEntry.activeWallets
  => {}

VestingLeaderboardEntry.completedWallets
  => {}

VestingLeaderboardEntry.user
  => {}

VestingLeaderboardResponse.entries
  => {}

VestingLeaderboardResponse.total
  => {}

VestingWallet.walletId
  => {}

VestingWallet.ownerAddress
  => {}

VestingWallet.ownerProfile
  => {}

VestingWallet.totalAmount
  => {}

VestingWallet.startTime
  => {}

VestingWallet.duration
  => {}

VestingWallet.curveFactor
  => {}

VestingWallet.claimedAmount
  => {}

VestingWallet.remainingBalance
  => {}

VestingWallet.claimedPercentage
  => {}

VestingWallet.vestingProgress
  => {}

VestingWallet.hasStarted
  => {}

VestingWallet.hasEnded
  => {}

VestingWallet.endTime
  => {}

VestingWallet.createdAt
  => {}

VestingWallet.transactionId
  => {}

VoteDecryptionFailure.proposalId
  => {}

VoteDecryptionFailure.voterAddress
  => {}

VoteDecryptionFailure.failureReason
  => {}

VoteDecryptionFailure.attemptedAt
  => {}

WithdrawMaxAmountU64.amount
  => {}

WriteAccumulatorStorageCostTransaction._
  => {}

ZkLoginVerifyResult.success
  => {}

ZkLoginVerifyResult.error
  => {}
