---
source: crates/myso-swarm-config/tests/snapshot_tests.rs
expression: genesis.myso_system_object().into_genesis_version_for_tooling()
---
epoch: 0
protocol_version: 110
system_state_version: 1
validators:
  total_stake: 20000000000000000
  active_validators:
    - metadata:
        myso_address: "0x60307f36c284875bf298d4d85a673046648b1ac4b47e712e42ab10d57dd77a26"
        protocol_pubkey_bytes:
          - 153
          - 242
          - 94
          - 246
          - 31
          - 128
          - 50
          - 185
          - 20
          - 99
          - 100
          - 96
          - 152
          - 44
          - 92
          - 198
          - 241
          - 52
          - 239
          - 29
          - 218
          - 231
          - 102
          - 87
          - 242
          - 203
          - 254
          - 193
          - 235
          - 252
          - 141
          - 9
          - 115
          - 116
          - 8
          - 13
          - 246
          - 252
          - 240
          - 220
          - 184
          - 188
          - 75
          - 13
          - 142
          - 10
          - 245
          - 216
          - 14
          - 187
          - 255
          - 43
          - 76
          - 89
          - 159
          - 84
          - 244
          - 45
          - 99
          - 18
          - 223
          - 195
          - 20
          - 39
          - 96
          - 120
          - 193
          - 204
          - 52
          - 126
          - 187
          - 190
          - 197
          - 25
          - 139
          - 226
          - 88
          - 81
          - 63
          - 56
          - 107
          - 147
          - 13
          - 2
          - 194
          - 116
          - 154
          - 128
          - 62
          - 35
          - 48
          - 149
          - 94
          - 189
          - 26
          - 16
        network_pubkey_bytes:
          - 148
          - 228
          - 168
          - 73
          - 49
          - 68
          - 233
          - 230
          - 150
          - 32
          - 140
          - 190
          - 208
          - 2
          - 89
          - 230
          - 221
          - 181
          - 111
          - 151
          - 155
          - 145
          - 195
          - 41
          - 103
          - 86
          - 9
          - 133
          - 190
          - 97
          - 144
          - 155
        worker_pubkey_bytes:
          - 31
          - 42
          - 121
          - 1
          - 168
          - 66
          - 228
          - 211
          - 98
          - 59
          - 198
          - 28
          - 225
          - 193
          - 113
          - 125
          - 46
          - 118
          - 142
          - 15
          - 215
          - 45
          - 248
          - 52
          - 26
          - 245
          - 102
          - 21
          - 185
          - 22
          - 240
          - 56
        proof_of_possession_bytes:
          - 151
          - 191
          - 31
          - 245
          - 62
          - 131
          - 184
          - 23
          - 162
          - 33
          - 124
          - 71
          - 229
          - 10
          - 56
          - 179
          - 47
          - 67
          - 223
          - 65
          - 196
          - 125
          - 67
          - 111
          - 55
          - 104
          - 114
          - 157
          - 166
          - 146
          - 6
          - 104
          - 90
          - 214
          - 33
          - 36
          - 63
          - 93
          - 228
          - 221
          - 166
          - 7
          - 164
          - 61
          - 169
          - 219
          - 78
          - 19
        name: "0"
        description: ""
        image_url: ""
        project_url: ""
        net_address: /ip4/127.0.0.1/tcp/80
        p2p_address: /ip4/127.0.0.1/udp/80
        primary_address: /ip4/127.0.0.1/udp/80
        worker_address: /ip4/127.0.0.1/udp/80
        next_epoch_protocol_pubkey_bytes: ~
        next_epoch_proof_of_possession: ~
        next_epoch_network_pubkey_bytes: ~
        next_epoch_worker_pubkey_bytes: ~
        next_epoch_net_address: ~
        next_epoch_p2p_address: ~
        next_epoch_primary_address: ~
        next_epoch_worker_address: ~
        extra_fields:
          id:
            id: "0x4d32c8ba4682ce9151c66819b5152342a261a6255447c3b700c693174742eca8"
          size: 0
      voting_power: 10000
      operation_cap_id: "0x654ad79db70ec03b7df9e78af2818a74fe2e1e20a432b7746d3abafbf1d976b8"
      gas_price: 1000
      staking_pool:
        id: "0x5edb58a9e36681f02fbd854021e6115b2a8a2e0ce25502fd16313cddada075ea"
        activation_epoch: 0
        deactivation_epoch: ~
        myso_balance: 20000000000000000
        rewards_pool:
          value: 0
        pool_token_balance: 20000000000000000
        exchange_rates:
          id: "0x86edab657f4ef0c4a04d91adac7987cf1c04743320ac8ecb621a197fdea58deb"
          size: 1
        pending_stake: 0
        pending_total_myso_withdraw: 0
        pending_pool_token_withdraw: 0
        extra_fields:
          id:
            id: "0xd0f0d69946aef9025b6d17501cf98da1f1d9ed569e12828ee203fd11e3e149e5"
          size: 0
      commission_rate: 200
      next_epoch_stake: 20000000000000000
      next_epoch_gas_price: 1000
      next_epoch_commission_rate: 200
      extra_fields:
        id:
          id: "0x88b8e1227dab7cdfc5997726d754e2056a3b8b22b960391762c1035924337efd"
        size: 0
  pending_active_validators:
    contents:
      id: "0xb5d6876efbcecaba2c70c497e32ec835f13ca50d33460658baa1f230c9648fd4"
      size: 0
  pending_removals: []
  staking_pool_mappings:
    id: "0x6379160da74819eb42fc89c13ed2a9bf33507dc461098429d46ea9bfa8e75814"
    size: 1
  inactive_validators:
    id: "0xba17cb80f67519a345753a0c7745d57a967913b15326a69b7ee5603e209b7ae7"
    size: 0
  validator_candidates:
    id: "0x3b0d0f5e06e1936c44b732eb24174cf644e8dc89364a2aa49ea35f7aca5c9b0a"
    size: 0
  at_risk_validators:
    contents: []
  extra_fields:
    id:
      id: "0x3b0130e5b173e5196b6e419c087c337193ef54313acf8ed1729701dbcf4e79e6"
    size: 0
storage_fund:
  total_object_storage_rebates:
    value: 0
  non_refundable_balance:
    value: 0
parameters:
  epoch_duration_ms: 86400000
  stake_subsidy_start_epoch: 0
  max_validator_count: 150
  min_validator_joining_stake: 30000000000000000
  validator_low_stake_threshold: 20000000000000000
  validator_very_low_stake_threshold: 15000000000000000
  validator_low_stake_grace_period: 7
  extra_fields:
    id:
      id: "0xe383170903366403c924c66faca1e0c1773dd8220c759342f52f12e4dc456855"
    size: 0
reference_gas_price: 1000
validator_report_records:
  contents: []
stake_subsidy:
  balance:
    value: 9230000000000000000
  distribution_counter: 0
  current_distribution_amount: 1000000000000000
  stake_subsidy_period_length: 10
  stake_subsidy_decrease_rate: 1000
  extra_fields:
    id:
      id: "0x0977422da44fe8829a136d5d62c330752e3035228dd000b3f59802539c330482"
    size: 0
safe_mode: false
safe_mode_storage_rewards:
  value: 0
safe_mode_computation_rewards:
  value: 0
safe_mode_storage_rebates: 0
safe_mode_non_refundable_storage_fee: 0
epoch_start_timestamp_ms: 10
extra_fields:
  id:
    id: "0x78d553ba3c91f2f265c2b397a4a72fd5101ee7782ee176f0e97808262ecf1749"
  size: 0
