---
source: crates/myso-swarm-config/tests/snapshot_tests.rs
expression: genesis.myso_system_object().into_genesis_version_for_tooling()
---
epoch: 0
protocol_version: 110
system_state_version: 1
validators:
  total_stake: 2000000000000000
  active_validators:
    - metadata:
        myso_address: "0x60307f36c284875bf298d4d85a673046648b1ac4b47e712e42ab10d57dd77a26"
        protocol_pubkey_bytes:
          - 153
          - 242
          - 94
          - 246
          - 31
          - 128
          - 50
          - 185
          - 20
          - 99
          - 100
          - 96
          - 152
          - 44
          - 92
          - 198
          - 241
          - 52
          - 239
          - 29
          - 218
          - 231
          - 102
          - 87
          - 242
          - 203
          - 254
          - 193
          - 235
          - 252
          - 141
          - 9
          - 115
          - 116
          - 8
          - 13
          - 246
          - 252
          - 240
          - 220
          - 184
          - 188
          - 75
          - 13
          - 142
          - 10
          - 245
          - 216
          - 14
          - 187
          - 255
          - 43
          - 76
          - 89
          - 159
          - 84
          - 244
          - 45
          - 99
          - 18
          - 223
          - 195
          - 20
          - 39
          - 96
          - 120
          - 193
          - 204
          - 52
          - 126
          - 187
          - 190
          - 197
          - 25
          - 139
          - 226
          - 88
          - 81
          - 63
          - 56
          - 107
          - 147
          - 13
          - 2
          - 194
          - 116
          - 154
          - 128
          - 62
          - 35
          - 48
          - 149
          - 94
          - 189
          - 26
          - 16
        network_pubkey_bytes:
          - 148
          - 228
          - 168
          - 73
          - 49
          - 68
          - 233
          - 230
          - 150
          - 32
          - 140
          - 190
          - 208
          - 2
          - 89
          - 230
          - 221
          - 181
          - 111
          - 151
          - 155
          - 145
          - 195
          - 41
          - 103
          - 86
          - 9
          - 133
          - 190
          - 97
          - 144
          - 155
        worker_pubkey_bytes:
          - 31
          - 42
          - 121
          - 1
          - 168
          - 66
          - 228
          - 211
          - 98
          - 59
          - 198
          - 28
          - 225
          - 193
          - 113
          - 125
          - 46
          - 118
          - 142
          - 15
          - 215
          - 45
          - 248
          - 52
          - 26
          - 245
          - 102
          - 21
          - 185
          - 22
          - 240
          - 56
        proof_of_possession_bytes:
          - 151
          - 191
          - 31
          - 245
          - 62
          - 131
          - 184
          - 23
          - 162
          - 33
          - 124
          - 71
          - 229
          - 10
          - 56
          - 179
          - 47
          - 67
          - 223
          - 65
          - 196
          - 125
          - 67
          - 111
          - 55
          - 104
          - 114
          - 157
          - 166
          - 146
          - 6
          - 104
          - 90
          - 214
          - 33
          - 36
          - 63
          - 93
          - 228
          - 221
          - 166
          - 7
          - 164
          - 61
          - 169
          - 219
          - 78
          - 19
        name: "0"
        description: ""
        image_url: ""
        project_url: ""
        net_address: /ip4/127.0.0.1/tcp/80
        p2p_address: /ip4/127.0.0.1/udp/80
        primary_address: /ip4/127.0.0.1/udp/80
        worker_address: /ip4/127.0.0.1/udp/80
        next_epoch_protocol_pubkey_bytes: ~
        next_epoch_proof_of_possession: ~
        next_epoch_network_pubkey_bytes: ~
        next_epoch_worker_pubkey_bytes: ~
        next_epoch_net_address: ~
        next_epoch_p2p_address: ~
        next_epoch_primary_address: ~
        next_epoch_worker_address: ~
        extra_fields:
          id:
            id: "0x011ba586edef6f997d3e65f0d2ea1ee55257346daed49f10cfead1476b406b5d"
          size: 0
      voting_power: 10000
      operation_cap_id: "0x692f7b6a4ccba2223f4fb85e378cd1ca0cb61b9bc382c6828a0dfd2637758ea4"
      gas_price: 1000
      staking_pool:
        id: "0xd9a7a4f96f37014fa14de33b81223518dcd36590ab7eaa21437390db41b52a71"
        activation_epoch: 0
        deactivation_epoch: ~
        myso_balance: 2000000000000000
        rewards_pool:
          value: 0
        pool_token_balance: 2000000000000000
        exchange_rates:
          id: "0x8ca068a1ac7ad24396cdd454f6a3b4f80e179ca1ac085ed5f9d14ec855a9beb3"
          size: 1
        pending_stake: 0
        pending_total_myso_withdraw: 0
        pending_pool_token_withdraw: 0
        extra_fields:
          id:
            id: "0x895058ef174e2978fcd8875d7403dbc794711d4e6c2fae6b9130fba49ab2ffff"
          size: 0
      commission_rate: 200
      next_epoch_stake: 2000000000000000
      next_epoch_gas_price: 1000
      next_epoch_commission_rate: 200
      extra_fields:
        id:
          id: "0xb807849a134ec85c203b0676e56bb609553fe82d3dbdd4e5f4d49f1079da6d26"
        size: 0
  pending_active_validators:
    contents:
      id: "0xa7e1faaa18f41484346b9dc852b6b83c6a3525493446655885af1b5de63dcadd"
      size: 0
  pending_removals: []
  staking_pool_mappings:
    id: "0x5bf625fa3b570c802f9372ad5d5cd9d5eb5722530a0e530dfb4ea12ebad39db1"
    size: 1
  inactive_validators:
    id: "0x6d652acf8c26f2232ef2b9c509c15dda3529a3c87c2853cf38b511e652e5520f"
    size: 0
  validator_candidates:
    id: "0xfdbf6c8156a58cfd34818bbc99c8914dca9bcb12a4f059d567e7371386d40663"
    size: 0
  at_risk_validators:
    contents: []
  extra_fields:
    id:
      id: "0xf000c8b8e3d812116da8080544813d77c87c1d0f08bdc2b5d18dbe384760a55f"
    size: 0
storage_fund:
  total_object_storage_rebates:
    value: 0
  non_refundable_balance:
    value: 0
parameters:
  epoch_duration_ms: 86400000
  stake_subsidy_start_epoch: 0
  max_validator_count: 150
  min_validator_joining_stake: 3000000000000000
  validator_low_stake_threshold: 2000000000000000
  validator_very_low_stake_threshold: 1500000000000000
  validator_low_stake_grace_period: 7
  extra_fields:
    id:
      id: "0x86aa8252465c4b793edd5a06e7bee5f68cac5baf850baaa066c7549bade19e20"
    size: 0
reference_gas_price: 1000
validator_report_records:
  contents: []
stake_subsidy:
  balance:
    value: 923000000000000000
  distribution_counter: 0
  current_apy_bps: 400
  stake_subsidy_period_length: 10
  stake_subsidy_decrease_rate: 1000
  max_apy_bps: 10000
  min_apy_bps: 0
  intended_duration_years: 10
  extra_fields:
    id:
      id: "0xf464a0401ba9f9d7cb3bf462603928040dbd8de4ac6f07c30b9d0afbd02b4787"
    size: 0
safe_mode: false
safe_mode_storage_rewards:
  value: 0
safe_mode_computation_rewards:
  value: 0
safe_mode_storage_rebates: 0
safe_mode_non_refundable_storage_fee: 0
epoch_start_timestamp_ms: 10
extra_fields:
  id:
    id: "0xdc1e2e3b44890280ac5ccb63a287b7ffe12c0ba66587716910366575d01e49c6"
  size: 0
