---
source: crates/move-compiler/tests/move_check_testsuite.rs
info:
  flavor: myso
  edition: legacy
  lint: false
---
error[MySo E01001]: invalid object construction
   ┌─ tests/myso_mode/id_leak/transmute.move:17:19
   │
17 │         let dog = Dog { id };
   │                   ^^^^^^^^^^
   │                   │     │
   │                   │     The UID must come directly from `myso::object::new`, or `myso::derived_object::claim`. For tests, it can come from `myso::test_scenario::new_object`
   │                   Invalid object creation without a newly created UID.
